// Jest Snapshot v1, https://goo.gl/fbAQLP

exports[`Component: HeatmapRow renders with meta 1`] = `
<div
  className="heatmap-row"
/>
`;

exports[`Component: HeatmapRow renders without crashing 1`] = `
<div
  className="heatmap-row"
/>
`;
